{"level":"info","message":"Server using logger is running on :::4000","timestamp":"2024-08-15 15:43:04"}
{"level":"info","message":"Express middlewares are set up","timestamp":"2024-08-15 15:46:46"}
{"level":"info","message":"Server using logger is running on :::4000","timestamp":"2024-08-15 15:46:46"}
{"level":"info","message":"Express middlewares are set up","timestamp":"2024-08-15 15:46:52"}
{"level":"info","message":"Server using logger is running on :::4000","timestamp":"2024-08-15 15:46:52"}
{"level":"info","message":"Starting web server...","timestamp":"2024-08-15 15:47:24"}
{"level":"info","message":"Express middlewares are set up","timestamp":"2024-08-15 15:47:24"}
{"level":"info","message":"Server using logger is running on :::4000","timestamp":"2024-08-15 15:47:24"}
{"level":"info","message":"Starting web server...","timestamp":"2024-08-15 15:47:34"}
{"level":"info","message":"Express middlewares are set up","timestamp":"2024-08-15 15:47:34"}
{"level":"info","message":"Server using logger is running on :::4000","timestamp":"2024-08-15 15:47:34"}
{"level":"info","message":"Starting web server...","timestamp":"2024-08-15 15:48:13"}
{"level":"info","message":"Express middlewares are set up","timestamp":"2024-08-15 15:48:13"}
{"level":"info","message":"Server is about to listen to port 4000","timestamp":"2024-08-15 15:48:13"}
{"level":"info","message":"Server using logger is running on :::4000","timestamp":"2024-08-15 15:48:13"}
{"level":"info","message":"Starting web server...","timestamp":"2024-08-15 15:49:11"}
{"level":"info","message":"Express middlewares are set up","timestamp":"2024-08-15 15:49:11"}
{"level":"info","message":"Server is about to listen to port 4000","timestamp":"2024-08-15 15:49:11"}
{"level":"info","message":"Server using logger is running on :::4000","timestamp":"2024-08-15 15:49:11"}
{"level":"info","message":"Starting web server...","timestamp":"2024-08-15 15:49:55"}
{"level":"info","message":"Express middlewares are set up","timestamp":"2024-08-15 15:49:55"}
{"level":"info","message":"Server is about to listen to port 4000","timestamp":"2024-08-15 15:49:55"}
{"level":"info","message":"Server using logger is running on :::4000","timestamp":"2024-08-15 15:49:55"}
{"level":"info","message":"Starting web server...","timestamp":"2024-08-15 15:50:14"}
{"level":"info","message":"Express middlewares are set up","timestamp":"2024-08-15 15:50:14"}
{"level":"info","message":"Defining routes...","timestamp":"2024-08-15 15:50:14"}
{"level":"info","message":"Server is about to listen to port 4000","timestamp":"2024-08-15 15:50:14"}
{"level":"info","message":"Server using logger is running on :::4000","timestamp":"2024-08-15 15:50:14"}
{"level":"info","message":"Starting web server...","timestamp":"2024-08-15 15:50:33"}
{"level":"info","message":"Express middlewares are set up","timestamp":"2024-08-15 15:50:33"}
{"level":"info","message":"Defining routes...","timestamp":"2024-08-15 15:50:33"}
{"level":"info","message":"Routes defined","timestamp":"2024-08-15 15:50:33"}
{"level":"info","message":"Server is about to listen to port 4000","timestamp":"2024-08-15 15:50:33"}
{"level":"info","message":"Server using logger is running on :::4000","timestamp":"2024-08-15 15:50:33"}
{"level":"info","message":"Starting web server...","timestamp":"2024-08-15 15:52:29"}
{"level":"info","message":"Express middlewares are set up","timestamp":"2024-08-15 15:52:29"}
{"level":"info","message":"Defining routes...","timestamp":"2024-08-15 15:52:29"}
{"level":"info","message":"Routes defined","timestamp":"2024-08-15 15:52:29"}
{"level":"info","message":"Server is about to listen to port 4000","timestamp":"2024-08-15 15:52:29"}
{"level":"info","message":"Server using logger is running on :::4000","timestamp":"2024-08-15 15:52:29"}
{"level":"info","message":"Starting web server...","timestamp":"2024-08-15 15:52:55"}
{"level":"info","message":"Express middlewares are set up","timestamp":"2024-08-15 15:52:55"}
{"level":"info","message":"Defining routes...","timestamp":"2024-08-15 15:52:55"}
{"level":"info","message":"Routes defined","timestamp":"2024-08-15 15:52:55"}
{"level":"info","message":"Server is about to listen to port 4000","timestamp":"2024-08-15 15:52:55"}
{"level":"info","message":"Server using logger is running on :::4000","timestamp":"2024-08-15 15:52:55"}
{"level":"error","message":"App received SIGTERM event, try to gracefully close the server","timestamp":"2024-08-15 15:52:59"}
{"level":"info","message":"Starting web server...","timestamp":"2024-08-15 15:52:59"}
{"level":"info","message":"Express middlewares are set up","timestamp":"2024-08-15 15:52:59"}
{"level":"info","message":"Defining routes...","timestamp":"2024-08-15 15:52:59"}
{"level":"info","message":"Routes defined","timestamp":"2024-08-15 15:52:59"}
{"level":"info","message":"Server is about to listen to port 4000","timestamp":"2024-08-15 15:52:59"}
{"level":"info","message":"Server using logger is running on :::4000","timestamp":"2024-08-15 15:52:59"}
{"level":"error","message":"App received SIGTERM event, try to gracefully close the server","timestamp":"2024-08-15 15:53:25"}
{"level":"info","message":"Starting web server...","timestamp":"2024-08-15 15:53:26"}
{"level":"info","message":"Express middlewares are set up","timestamp":"2024-08-15 15:53:26"}
{"level":"info","message":"Defining routes...","timestamp":"2024-08-15 15:53:26"}
{"level":"info","message":"Routes defined","timestamp":"2024-08-15 15:53:26"}
{"level":"info","message":"Server is about to listen to port 4000","timestamp":"2024-08-15 15:53:26"}
{"level":"info","message":"Server using logger is running on :::4000","timestamp":"2024-08-15 15:53:26"}
{"level":"error","message":"App received SIGTERM event, try to gracefully close the server","timestamp":"2024-08-15 15:53:47"}
{"level":"info","message":"Starting web server...","timestamp":"2024-08-15 15:53:47"}
{"level":"info","message":"Express middlewares are set up","timestamp":"2024-08-15 15:53:47"}
{"level":"info","message":"Defining routes...","timestamp":"2024-08-15 15:53:47"}
{"level":"info","message":"Routes defined","timestamp":"2024-08-15 15:53:47"}
{"level":"info","message":"Server is about to listen to port 4000","timestamp":"2024-08-15 15:53:47"}
{"level":"info","message":"Server using logger is running on :::4000","timestamp":"2024-08-15 15:53:47"}
{"level":"error","message":"App received SIGTERM event, try to gracefully close the server","timestamp":"2024-08-15 15:54:26"}
{"level":"info","message":"Starting web server...","timestamp":"2024-08-15 15:54:27"}
{"level":"info","message":"Express middlewares are set up","timestamp":"2024-08-15 15:54:27"}
{"level":"info","message":"Defining routes...","timestamp":"2024-08-15 15:54:27"}
{"level":"info","message":"Routes defined","timestamp":"2024-08-15 15:54:27"}
{"level":"info","message":"Server is about to listen to port 4000","timestamp":"2024-08-15 15:54:27"}
{"level":"info","message":"Server using logger is running on :::4000","timestamp":"2024-08-15 15:54:27"}
{"level":"error","message":"App received SIGTERM event, try to gracefully close the server","timestamp":"2024-08-15 15:54:31"}
{"level":"info","message":"Starting web server...","timestamp":"2024-08-15 15:54:31"}
{"level":"info","message":"Express middlewares are set up","timestamp":"2024-08-15 15:54:31"}
{"level":"info","message":"Defining routes...","timestamp":"2024-08-15 15:54:31"}
{"level":"info","message":"Routes defined","timestamp":"2024-08-15 15:54:31"}
{"level":"info","message":"Server is about to listen to port 4000","timestamp":"2024-08-15 15:54:31"}
{"level":"info","message":"Server using logger is running on :::4000","timestamp":"2024-08-15 15:54:31"}
{"level":"error","message":"App received SIGTERM event, try to gracefully close the server","timestamp":"2024-08-15 15:56:27"}
{"level":"info","message":"Starting web server...","timestamp":"2024-08-15 15:56:27"}
{"level":"info","message":"Express middlewares are set up","timestamp":"2024-08-15 15:56:27"}
{"level":"info","message":"Defining routes...","timestamp":"2024-08-15 15:56:27"}
{"level":"info","message":"Routes defined","timestamp":"2024-08-15 15:56:27"}
{"level":"info","message":"Server is about to listen to port 4000","timestamp":"2024-08-15 15:56:27"}
{"level":"info","message":"Server using logger is running on :::4000","timestamp":"2024-08-15 15:56:27"}
{"level":"error","message":"App received SIGTERM event, try to gracefully close the server","timestamp":"2024-08-15 15:56:56"}
{"level":"info","message":"Starting web server...","timestamp":"2024-08-15 15:56:57"}
{"level":"info","message":"Express middlewares are set up","timestamp":"2024-08-15 15:56:57"}
{"level":"info","message":"Defining routes...","timestamp":"2024-08-15 15:56:57"}
{"level":"info","message":"Routes defined","timestamp":"2024-08-15 15:56:57"}
{"level":"info","message":"Server is about to listen to port 4000","timestamp":"2024-08-15 15:56:57"}
{"level":"info","message":"Server using logger is running on :::4000","timestamp":"2024-08-15 15:56:57"}
{"level":"info","message":"Redis Client Connected","timestamp":"2024-08-15 15:56:57"}
{"level":"error","message":"App received SIGTERM event, try to gracefully close the server","timestamp":"2024-08-15 15:59:34"}
{"level":"info","message":"Starting web server...","timestamp":"2024-08-15 15:59:34"}
{"level":"info","message":"Express middlewares are set up","timestamp":"2024-08-15 15:59:34"}
{"level":"info","message":"Defining routes...","timestamp":"2024-08-15 15:59:34"}
{"level":"info","message":"Routes defined","timestamp":"2024-08-15 15:59:34"}
{"level":"info","message":"Server is about to listen to port 4000","timestamp":"2024-08-15 15:59:34"}
{"level":"info","message":"Server using logger is running on :::4000","timestamp":"2024-08-15 15:59:34"}
{"level":"info","message":"Redis Client Connected","timestamp":"2024-08-15 15:59:35"}
